// Jest Snapshot v1, https://goo.gl/fbAQLP

exports[`EditUserData.vue should render EditUserData correctly 1`] = `
<div>
  <h3 class="text-center">Test 1</h3>
  <appuserform-stub userprop="[object Object]" formtype="editUser"></appuserform-stub>
</div>
`;
