// Jest Snapshot v1, https://goo.gl/fbAQLP

exports[`Header.vue should render Header correctly 1`] = `
<header class="header text-center py-4 mb-4">
  <a>
    <h2>VueJS CRUD with PHP/MySQL</h2>
  </a>
</header>
`;
