// Jest Snapshot v1, https://goo.gl/fbAQLP

exports[`Modal.vue should render Modal correctly 1`] = `
<div class="modal modal-mask" style="display: block;" name="fade">
  <div role="document" class="modal-dialog">
    <div class="modal-content">
      <div class="modal-header"></div>
      <div class="modal-body"></div>
      <div class="modal-footer"></div>
    </div>
  </div>
</div>
`;
